---
http_interactions:
- request:
    method: delete
    uri: http://localhost:8080/hawkular/alerts/events/my-event-01
    body:
      encoding: US-ASCII
      string: ''
    headers:
      Accept:
      - application/json
      Accept-Encoding:
      - identity
      User-Agent:
      - hawkular-client-ruby
      Hawkular-Tenant:
      - hawkular
      Content-Type:
      - application/json
      Authorization: 'Basic PCU9IHVzZXJuYW1lICU+OjwlPSBwYXNzd29yZCAlPg==

'
  response:
    status:
      code: 200
      message: OK
    headers:
      Expires:
      - '0'
      Cache-Control:
      - no-cache, no-store, must-revalidate
      X-Powered-By:
      - Undertow/1
      Server:
      - WildFly/10
      Pragma:
      - no-cache
      Date:
      - Tue, 25 Apr 2017 15:11:10 GMT
      Connection:
      - keep-alive
      Content-Type:
      - application/json
      Content-Length:
      - '0'
    body:
      encoding: UTF-8
      string: ''
    http_version: 
  recorded_at: Tue, 25 Apr 2017 15:11:10 GMT
- request:
    method: delete
    uri: http://localhost:8080/hawkular/alerts/events/my-event-01
    body:
      encoding: US-ASCII
      string: ''
    headers:
      Accept:
      - application/json
      Accept-Encoding:
      - identity
      User-Agent:
      - hawkular-client-ruby
      Hawkular-Tenant:
      - foo
      Content-Type:
      - application/json
      Authorization: 'Basic PCU9IHVzZXJuYW1lICU+OjwlPSBwYXNzd29yZCAlPg==

'
  response:
    status:
      code: 200
      message: OK
    headers:
      Expires:
      - '0'
      Cache-Control:
      - no-cache, no-store, must-revalidate
      X-Powered-By:
      - Undertow/1
      Server:
      - WildFly/10
      Pragma:
      - no-cache
      Date:
      - Tue, 25 Apr 2017 15:11:10 GMT
      Connection:
      - keep-alive
      Content-Type:
      - application/json
      Content-Length:
      - '0'
    body:
      encoding: UTF-8
      string: ''
    http_version: 
  recorded_at: Tue, 25 Apr 2017 15:11:10 GMT
- request:
    method: delete
    uri: http://localhost:8080/hawkular/alerts/events/my-event-02
    body:
      encoding: US-ASCII
      string: ''
    headers:
      Accept:
      - application/json
      Accept-Encoding:
      - identity
      User-Agent:
      - hawkular-client-ruby
      Hawkular-Tenant:
      - hawkular
      Content-Type:
      - application/json
      Authorization: 'Basic PCU9IHVzZXJuYW1lICU+OjwlPSBwYXNzd29yZCAlPg==

'
  response:
    status:
      code: 200
      message: OK
    headers:
      Expires:
      - '0'
      Cache-Control:
      - no-cache, no-store, must-revalidate
      X-Powered-By:
      - Undertow/1
      Server:
      - WildFly/10
      Pragma:
      - no-cache
      Date:
      - Tue, 25 Apr 2017 15:11:10 GMT
      Connection:
      - keep-alive
      Content-Type:
      - application/json
      Content-Length:
      - '0'
    body:
      encoding: UTF-8
      string: ''
    http_version: 
  recorded_at: Tue, 25 Apr 2017 15:11:10 GMT
- request:
    method: delete
    uri: http://localhost:8080/hawkular/alerts/events/my-event-02
    body:
      encoding: US-ASCII
      string: ''
    headers:
      Accept:
      - application/json
      Accept-Encoding:
      - identity
      User-Agent:
      - hawkular-client-ruby
      Hawkular-Tenant:
      - foo
      Content-Type:
      - application/json
      Authorization: 'Basic PCU9IHVzZXJuYW1lICU+OjwlPSBwYXNzd29yZCAlPg==

'
  response:
    status:
      code: 200
      message: OK
    headers:
      Expires:
      - '0'
      Cache-Control:
      - no-cache, no-store, must-revalidate
      X-Powered-By:
      - Undertow/1
      Server:
      - WildFly/10
      Pragma:
      - no-cache
      Date:
      - Tue, 25 Apr 2017 15:11:10 GMT
      Connection:
      - keep-alive
      Content-Type:
      - application/json
      Content-Length:
      - '0'
    body:
      encoding: UTF-8
      string: ''
    http_version: 
  recorded_at: Tue, 25 Apr 2017 15:11:10 GMT
- request:
    method: delete
    uri: http://localhost:8080/hawkular/alerts/events/my-event-03
    body:
      encoding: US-ASCII
      string: ''
    headers:
      Accept:
      - application/json
      Accept-Encoding:
      - identity
      User-Agent:
      - hawkular-client-ruby
      Hawkular-Tenant:
      - hawkular
      Content-Type:
      - application/json
      Authorization: 'Basic PCU9IHVzZXJuYW1lICU+OjwlPSBwYXNzd29yZCAlPg==

'
  response:
    status:
      code: 200
      message: OK
    headers:
      Expires:
      - '0'
      Cache-Control:
      - no-cache, no-store, must-revalidate
      X-Powered-By:
      - Undertow/1
      Server:
      - WildFly/10
      Pragma:
      - no-cache
      Date:
      - Tue, 25 Apr 2017 15:11:10 GMT
      Connection:
      - keep-alive
      Content-Type:
      - application/json
      Content-Length:
      - '0'
    body:
      encoding: UTF-8
      string: ''
    http_version: 
  recorded_at: Tue, 25 Apr 2017 15:11:10 GMT
- request:
    method: delete
    uri: http://localhost:8080/hawkular/alerts/events/my-event-03
    body:
      encoding: US-ASCII
      string: ''
    headers:
      Accept:
      - application/json
      Accept-Encoding:
      - identity
      User-Agent:
      - hawkular-client-ruby
      Hawkular-Tenant:
      - foo
      Content-Type:
      - application/json
      Authorization: 'Basic PCU9IHVzZXJuYW1lICU+OjwlPSBwYXNzd29yZCAlPg==

'
  response:
    status:
      code: 200
      message: OK
    headers:
      Expires:
      - '0'
      Cache-Control:
      - no-cache, no-store, must-revalidate
      X-Powered-By:
      - Undertow/1
      Server:
      - WildFly/10
      Pragma:
      - no-cache
      Date:
      - Tue, 25 Apr 2017 15:11:10 GMT
      Connection:
      - keep-alive
      Content-Type:
      - application/json
      Content-Length:
      - '0'
    body:
      encoding: UTF-8
      string: ''
    http_version: 
  recorded_at: Tue, 25 Apr 2017 15:11:10 GMT
- request:
    method: delete
    uri: http://localhost:8080/hawkular/alerts/events/my-event-04
    body:
      encoding: US-ASCII
      string: ''
    headers:
      Accept:
      - application/json
      Accept-Encoding:
      - identity
      User-Agent:
      - hawkular-client-ruby
      Hawkular-Tenant:
      - hawkular
      Content-Type:
      - application/json
      Authorization: 'Basic PCU9IHVzZXJuYW1lICU+OjwlPSBwYXNzd29yZCAlPg==

'
  response:
    status:
      code: 200
      message: OK
    headers:
      Expires:
      - '0'
      Cache-Control:
      - no-cache, no-store, must-revalidate
      X-Powered-By:
      - Undertow/1
      Server:
      - WildFly/10
      Pragma:
      - no-cache
      Date:
      - Tue, 25 Apr 2017 15:11:10 GMT
      Connection:
      - keep-alive
      Content-Type:
      - application/json
      Content-Length:
      - '0'
    body:
      encoding: UTF-8
      string: ''
    http_version: 
  recorded_at: Tue, 25 Apr 2017 15:11:10 GMT
- request:
    method: delete
    uri: http://localhost:8080/hawkular/alerts/events/my-event-04
    body:
      encoding: US-ASCII
      string: ''
    headers:
      Accept:
      - application/json
      Accept-Encoding:
      - identity
      User-Agent:
      - hawkular-client-ruby
      Hawkular-Tenant:
      - foo
      Content-Type:
      - application/json
      Authorization: 'Basic PCU9IHVzZXJuYW1lICU+OjwlPSBwYXNzd29yZCAlPg==

'
  response:
    status:
      code: 200
      message: OK
    headers:
      Expires:
      - '0'
      Cache-Control:
      - no-cache, no-store, must-revalidate
      X-Powered-By:
      - Undertow/1
      Server:
      - WildFly/10
      Pragma:
      - no-cache
      Date:
      - Tue, 25 Apr 2017 15:11:10 GMT
      Connection:
      - keep-alive
      Content-Type:
      - application/json
      Content-Length:
      - '0'
    body:
      encoding: UTF-8
      string: ''
    http_version: 
  recorded_at: Tue, 25 Apr 2017 15:11:10 GMT
- request:
    method: delete
    uri: http://localhost:8080/hawkular/alerts/events/my-event-05
    body:
      encoding: US-ASCII
      string: ''
    headers:
      Accept:
      - application/json
      Accept-Encoding:
      - identity
      User-Agent:
      - hawkular-client-ruby
      Hawkular-Tenant:
      - hawkular
      Content-Type:
      - application/json
      Authorization: 'Basic PCU9IHVzZXJuYW1lICU+OjwlPSBwYXNzd29yZCAlPg==

'
  response:
    status:
      code: 200
      message: OK
    headers:
      Expires:
      - '0'
      Cache-Control:
      - no-cache, no-store, must-revalidate
      X-Powered-By:
      - Undertow/1
      Server:
      - WildFly/10
      Pragma:
      - no-cache
      Date:
      - Tue, 25 Apr 2017 15:11:10 GMT
      Connection:
      - keep-alive
      Content-Type:
      - application/json
      Content-Length:
      - '0'
    body:
      encoding: UTF-8
      string: ''
    http_version: 
  recorded_at: Tue, 25 Apr 2017 15:11:10 GMT
- request:
    method: delete
    uri: http://localhost:8080/hawkular/alerts/events/my-event-05
    body:
      encoding: US-ASCII
      string: ''
    headers:
      Accept:
      - application/json
      Accept-Encoding:
      - identity
      User-Agent:
      - hawkular-client-ruby
      Hawkular-Tenant:
      - foo
      Content-Type:
      - application/json
      Authorization: 'Basic PCU9IHVzZXJuYW1lICU+OjwlPSBwYXNzd29yZCAlPg==

'
  response:
    status:
      code: 200
      message: OK
    headers:
      Expires:
      - '0'
      Cache-Control:
      - no-cache, no-store, must-revalidate
      X-Powered-By:
      - Undertow/1
      Server:
      - WildFly/10
      Pragma:
      - no-cache
      Date:
      - Tue, 25 Apr 2017 15:11:10 GMT
      Connection:
      - keep-alive
      Content-Type:
      - application/json
      Content-Length:
      - '0'
    body:
      encoding: UTF-8
      string: ''
    http_version: 
  recorded_at: Tue, 25 Apr 2017 15:11:10 GMT
- request:
    method: delete
    uri: http://localhost:8080/hawkular/alerts/events/my-event-06
    body:
      encoding: US-ASCII
      string: ''
    headers:
      Accept:
      - application/json
      Accept-Encoding:
      - identity
      User-Agent:
      - hawkular-client-ruby
      Hawkular-Tenant:
      - hawkular
      Content-Type:
      - application/json
      Authorization: 'Basic PCU9IHVzZXJuYW1lICU+OjwlPSBwYXNzd29yZCAlPg==

'
  response:
    status:
      code: 200
      message: OK
    headers:
      Expires:
      - '0'
      Cache-Control:
      - no-cache, no-store, must-revalidate
      X-Powered-By:
      - Undertow/1
      Server:
      - WildFly/10
      Pragma:
      - no-cache
      Date:
      - Tue, 25 Apr 2017 15:11:10 GMT
      Connection:
      - keep-alive
      Content-Type:
      - application/json
      Content-Length:
      - '0'
    body:
      encoding: UTF-8
      string: ''
    http_version: 
  recorded_at: Tue, 25 Apr 2017 15:11:10 GMT
- request:
    method: delete
    uri: http://localhost:8080/hawkular/alerts/events/my-event-06
    body:
      encoding: US-ASCII
      string: ''
    headers:
      Accept:
      - application/json
      Accept-Encoding:
      - identity
      User-Agent:
      - hawkular-client-ruby
      Hawkular-Tenant:
      - foo
      Content-Type:
      - application/json
      Authorization: 'Basic PCU9IHVzZXJuYW1lICU+OjwlPSBwYXNzd29yZCAlPg==

'
  response:
    status:
      code: 200
      message: OK
    headers:
      Expires:
      - '0'
      Cache-Control:
      - no-cache, no-store, must-revalidate
      X-Powered-By:
      - Undertow/1
      Server:
      - WildFly/10
      Pragma:
      - no-cache
      Date:
      - Tue, 25 Apr 2017 15:11:10 GMT
      Connection:
      - keep-alive
      Content-Type:
      - application/json
      Content-Length:
      - '0'
    body:
      encoding: UTF-8
      string: ''
    http_version: 
  recorded_at: Tue, 25 Apr 2017 15:11:10 GMT
- request:
    method: delete
    uri: http://localhost:8080/hawkular/alerts/events/my-event-07
    body:
      encoding: US-ASCII
      string: ''
    headers:
      Accept:
      - application/json
      Accept-Encoding:
      - identity
      User-Agent:
      - hawkular-client-ruby
      Hawkular-Tenant:
      - hawkular
      Content-Type:
      - application/json
      Authorization: 'Basic PCU9IHVzZXJuYW1lICU+OjwlPSBwYXNzd29yZCAlPg==

'
  response:
    status:
      code: 200
      message: OK
    headers:
      Expires:
      - '0'
      Cache-Control:
      - no-cache, no-store, must-revalidate
      X-Powered-By:
      - Undertow/1
      Server:
      - WildFly/10
      Pragma:
      - no-cache
      Date:
      - Tue, 25 Apr 2017 15:11:10 GMT
      Connection:
      - keep-alive
      Content-Type:
      - application/json
      Content-Length:
      - '0'
    body:
      encoding: UTF-8
      string: ''
    http_version: 
  recorded_at: Tue, 25 Apr 2017 15:11:10 GMT
- request:
    method: delete
    uri: http://localhost:8080/hawkular/alerts/events/my-event-07
    body:
      encoding: US-ASCII
      string: ''
    headers:
      Accept:
      - application/json
      Accept-Encoding:
      - identity
      User-Agent:
      - hawkular-client-ruby
      Hawkular-Tenant:
      - foo
      Content-Type:
      - application/json
      Authorization: 'Basic PCU9IHVzZXJuYW1lICU+OjwlPSBwYXNzd29yZCAlPg==

'
  response:
    status:
      code: 200
      message: OK
    headers:
      Expires:
      - '0'
      Cache-Control:
      - no-cache, no-store, must-revalidate
      X-Powered-By:
      - Undertow/1
      Server:
      - WildFly/10
      Pragma:
      - no-cache
      Date:
      - Tue, 25 Apr 2017 15:11:10 GMT
      Connection:
      - keep-alive
      Content-Type:
      - application/json
      Content-Length:
      - '0'
    body:
      encoding: UTF-8
      string: ''
    http_version: 
  recorded_at: Tue, 25 Apr 2017 15:11:10 GMT
- request:
    method: delete
    uri: http://localhost:8080/hawkular/alerts/events/my-event-08
    body:
      encoding: US-ASCII
      string: ''
    headers:
      Accept:
      - application/json
      Accept-Encoding:
      - identity
      User-Agent:
      - hawkular-client-ruby
      Hawkular-Tenant:
      - hawkular
      Content-Type:
      - application/json
      Authorization: 'Basic PCU9IHVzZXJuYW1lICU+OjwlPSBwYXNzd29yZCAlPg==

'
  response:
    status:
      code: 200
      message: OK
    headers:
      Expires:
      - '0'
      Cache-Control:
      - no-cache, no-store, must-revalidate
      X-Powered-By:
      - Undertow/1
      Server:
      - WildFly/10
      Pragma:
      - no-cache
      Date:
      - Tue, 25 Apr 2017 15:11:10 GMT
      Connection:
      - keep-alive
      Content-Type:
      - application/json
      Content-Length:
      - '0'
    body:
      encoding: UTF-8
      string: ''
    http_version: 
  recorded_at: Tue, 25 Apr 2017 15:11:10 GMT
- request:
    method: delete
    uri: http://localhost:8080/hawkular/alerts/events/my-event-08
    body:
      encoding: US-ASCII
      string: ''
    headers:
      Accept:
      - application/json
      Accept-Encoding:
      - identity
      User-Agent:
      - hawkular-client-ruby
      Hawkular-Tenant:
      - foo
      Content-Type:
      - application/json
      Authorization: 'Basic PCU9IHVzZXJuYW1lICU+OjwlPSBwYXNzd29yZCAlPg==

'
  response:
    status:
      code: 200
      message: OK
    headers:
      Expires:
      - '0'
      Cache-Control:
      - no-cache, no-store, must-revalidate
      X-Powered-By:
      - Undertow/1
      Server:
      - WildFly/10
      Pragma:
      - no-cache
      Date:
      - Tue, 25 Apr 2017 15:11:10 GMT
      Connection:
      - keep-alive
      Content-Type:
      - application/json
      Content-Length:
      - '0'
    body:
      encoding: UTF-8
      string: ''
    http_version: 
  recorded_at: Tue, 25 Apr 2017 15:11:10 GMT
- request:
    method: delete
    uri: http://localhost:8080/hawkular/alerts/events/my-event-09
    body:
      encoding: US-ASCII
      string: ''
    headers:
      Accept:
      - application/json
      Accept-Encoding:
      - identity
      User-Agent:
      - hawkular-client-ruby
      Hawkular-Tenant:
      - hawkular
      Content-Type:
      - application/json
      Authorization: 'Basic PCU9IHVzZXJuYW1lICU+OjwlPSBwYXNzd29yZCAlPg==

'
  response:
    status:
      code: 200
      message: OK
    headers:
      Expires:
      - '0'
      Cache-Control:
      - no-cache, no-store, must-revalidate
      X-Powered-By:
      - Undertow/1
      Server:
      - WildFly/10
      Pragma:
      - no-cache
      Date:
      - Tue, 25 Apr 2017 15:11:10 GMT
      Connection:
      - keep-alive
      Content-Type:
      - application/json
      Content-Length:
      - '0'
    body:
      encoding: UTF-8
      string: ''
    http_version: 
  recorded_at: Tue, 25 Apr 2017 15:11:10 GMT
- request:
    method: delete
    uri: http://localhost:8080/hawkular/alerts/events/my-event-09
    body:
      encoding: US-ASCII
      string: ''
    headers:
      Accept:
      - application/json
      Accept-Encoding:
      - identity
      User-Agent:
      - hawkular-client-ruby
      Hawkular-Tenant:
      - foo
      Content-Type:
      - application/json
      Authorization: 'Basic PCU9IHVzZXJuYW1lICU+OjwlPSBwYXNzd29yZCAlPg==

'
  response:
    status:
      code: 200
      message: OK
    headers:
      Expires:
      - '0'
      Cache-Control:
      - no-cache, no-store, must-revalidate
      X-Powered-By:
      - Undertow/1
      Server:
      - WildFly/10
      Pragma:
      - no-cache
      Date:
      - Tue, 25 Apr 2017 15:11:10 GMT
      Connection:
      - keep-alive
      Content-Type:
      - application/json
      Content-Length:
      - '0'
    body:
      encoding: UTF-8
      string: ''
    http_version: 
  recorded_at: Tue, 25 Apr 2017 15:11:10 GMT
- request:
    method: delete
    uri: http://localhost:8080/hawkular/alerts/events/my-event-10
    body:
      encoding: US-ASCII
      string: ''
    headers:
      Accept:
      - application/json
      Accept-Encoding:
      - identity
      User-Agent:
      - hawkular-client-ruby
      Hawkular-Tenant:
      - hawkular
      Content-Type:
      - application/json
      Authorization: 'Basic PCU9IHVzZXJuYW1lICU+OjwlPSBwYXNzd29yZCAlPg==

'
  response:
    status:
      code: 200
      message: OK
    headers:
      Expires:
      - '0'
      Cache-Control:
      - no-cache, no-store, must-revalidate
      X-Powered-By:
      - Undertow/1
      Server:
      - WildFly/10
      Pragma:
      - no-cache
      Date:
      - Tue, 25 Apr 2017 15:11:10 GMT
      Connection:
      - keep-alive
      Content-Type:
      - application/json
      Content-Length:
      - '0'
    body:
      encoding: UTF-8
      string: ''
    http_version: 
  recorded_at: Tue, 25 Apr 2017 15:11:10 GMT
- request:
    method: delete
    uri: http://localhost:8080/hawkular/alerts/events/my-event-10
    body:
      encoding: US-ASCII
      string: ''
    headers:
      Accept:
      - application/json
      Accept-Encoding:
      - identity
      User-Agent:
      - hawkular-client-ruby
      Hawkular-Tenant:
      - foo
      Content-Type:
      - application/json
      Authorization: 'Basic PCU9IHVzZXJuYW1lICU+OjwlPSBwYXNzd29yZCAlPg==

'
  response:
    status:
      code: 200
      message: OK
    headers:
      Expires:
      - '0'
      Cache-Control:
      - no-cache, no-store, must-revalidate
      X-Powered-By:
      - Undertow/1
      Server:
      - WildFly/10
      Pragma:
      - no-cache
      Date:
      - Tue, 25 Apr 2017 15:11:10 GMT
      Connection:
      - keep-alive
      Content-Type:
      - application/json
      Content-Length:
      - '0'
    body:
      encoding: UTF-8
      string: ''
    http_version: 
  recorded_at: Tue, 25 Apr 2017 15:11:10 GMT
- request:
    method: delete
    uri: http://localhost:8080/hawkular/alerts/events/my-event-11
    body:
      encoding: US-ASCII
      string: ''
    headers:
      Accept:
      - application/json
      Accept-Encoding:
      - identity
      User-Agent:
      - hawkular-client-ruby
      Hawkular-Tenant:
      - hawkular
      Content-Type:
      - application/json
      Authorization: 'Basic PCU9IHVzZXJuYW1lICU+OjwlPSBwYXNzd29yZCAlPg==

'
  response:
    status:
      code: 200
      message: OK
    headers:
      Expires:
      - '0'
      Cache-Control:
      - no-cache, no-store, must-revalidate
      X-Powered-By:
      - Undertow/1
      Server:
      - WildFly/10
      Pragma:
      - no-cache
      Date:
      - Tue, 25 Apr 2017 15:11:10 GMT
      Connection:
      - keep-alive
      Content-Type:
      - application/json
      Content-Length:
      - '0'
    body:
      encoding: UTF-8
      string: ''
    http_version: 
  recorded_at: Tue, 25 Apr 2017 15:11:10 GMT
- request:
    method: delete
    uri: http://localhost:8080/hawkular/alerts/events/my-event-11
    body:
      encoding: US-ASCII
      string: ''
    headers:
      Accept:
      - application/json
      Accept-Encoding:
      - identity
      User-Agent:
      - hawkular-client-ruby
      Hawkular-Tenant:
      - foo
      Content-Type:
      - application/json
      Authorization: 'Basic PCU9IHVzZXJuYW1lICU+OjwlPSBwYXNzd29yZCAlPg==

'
  response:
    status:
      code: 200
      message: OK
    headers:
      Expires:
      - '0'
      Cache-Control:
      - no-cache, no-store, must-revalidate
      X-Powered-By:
      - Undertow/1
      Server:
      - WildFly/10
      Pragma:
      - no-cache
      Date:
      - Tue, 25 Apr 2017 15:11:10 GMT
      Connection:
      - keep-alive
      Content-Type:
      - application/json
      Content-Length:
      - '0'
    body:
      encoding: UTF-8
      string: ''
    http_version: 
  recorded_at: Tue, 25 Apr 2017 15:11:10 GMT
- request:
    method: delete
    uri: http://localhost:8080/hawkular/alerts/events/my-event-12
    body:
      encoding: US-ASCII
      string: ''
    headers:
      Accept:
      - application/json
      Accept-Encoding:
      - identity
      User-Agent:
      - hawkular-client-ruby
      Hawkular-Tenant:
      - hawkular
      Content-Type:
      - application/json
      Authorization: 'Basic PCU9IHVzZXJuYW1lICU+OjwlPSBwYXNzd29yZCAlPg==

'
  response:
    status:
      code: 200
      message: OK
    headers:
      Expires:
      - '0'
      Cache-Control:
      - no-cache, no-store, must-revalidate
      X-Powered-By:
      - Undertow/1
      Server:
      - WildFly/10
      Pragma:
      - no-cache
      Date:
      - Tue, 25 Apr 2017 15:11:10 GMT
      Connection:
      - keep-alive
      Content-Type:
      - application/json
      Content-Length:
      - '0'
    body:
      encoding: UTF-8
      string: ''
    http_version: 
  recorded_at: Tue, 25 Apr 2017 15:11:10 GMT
- request:
    method: delete
    uri: http://localhost:8080/hawkular/alerts/events/my-event-12
    body:
      encoding: US-ASCII
      string: ''
    headers:
      Accept:
      - application/json
      Accept-Encoding:
      - identity
      User-Agent:
      - hawkular-client-ruby
      Hawkular-Tenant:
      - foo
      Content-Type:
      - application/json
      Authorization: 'Basic PCU9IHVzZXJuYW1lICU+OjwlPSBwYXNzd29yZCAlPg==

'
  response:
    status:
      code: 200
      message: OK
    headers:
      Expires:
      - '0'
      Cache-Control:
      - no-cache, no-store, must-revalidate
      X-Powered-By:
      - Undertow/1
      Server:
      - WildFly/10
      Pragma:
      - no-cache
      Date:
      - Tue, 25 Apr 2017 15:11:10 GMT
      Connection:
      - keep-alive
      Content-Type:
      - application/json
      Content-Length:
      - '0'
    body:
      encoding: UTF-8
      string: ''
    http_version: 
  recorded_at: Tue, 25 Apr 2017 15:11:10 GMT
recorded_with: VCR 3.0.3
